
> build:styles
> sass --no-source-map --style=compressed --load-path=node_modules assets/css/src/apps/myuhco/portal.scss:assets/css/dist/myuhco/portal.css assets/css/src/apps/myuhco/admin.scss:assets/css/dist/myuhco/admin.css assets/css/src/apps/myuhco/pages.scss:assets/css/dist/myuhco/pages.css assets/scss/portal.scss:css/portal-style.css

node.exe : DEPRECATION WARNING [import]: Sass @import rules are deprecated and 
will be removed in Dart Sass 3.0.0.
At line:1 char:1
+ & "C:\Program Files\nodejs/node.exe" "C:\Program Files\nodejs/node_mo ...
+ ~~~~~~~~~~~~~~~~~~~~~~~~~~~~~~~~~~~~~~~~~~~~~~~~~~~~~~~~~~~~~~~~~~~~~
    + CategoryInfo          : NotSpecified: (DEPRECATION WAR...art Sass 3.0.0. 
   :String) [], RemoteException
    + FullyQualifiedErrorId : NativeCommandError
 

More info and automated migrator: https://sass-lang.com/d/import

  Γò╖
1 Γöé @import "mixins/banner";
  Γöé         ^^^^^^^^^^^^^^^
  Γò╡
    bootstrap\scss\bootstrap.scss 1:9           @use
    assets\css\src\apps\myuhco\portal.scss 2:1  root stylesheet

DEPRECATION WARNING [import]: Sass @import rules are deprecated and will be 
removed in Dart Sass 3.0.0.

More info and automated migrator: https://sass-lang.com/d/import

  Γò╖
7 Γöé @import "functions";
  Γöé         ^^^^^^^^^^^
  Γò╡
    bootstrap\scss\bootstrap.scss 7:9           @use
    assets\css\src\apps\myuhco\portal.scss 2:1  root stylesheet

DEPRECATION WARNING [import]: Sass @import rules are deprecated and will be 
removed in Dart Sass 3.0.0.

More info and automated migrator: https://sass-lang.com/d/import

  Γò╖
8 Γöé @import "variables";
  Γöé         ^^^^^^^^^^^
  Γò╡
    bootstrap\scss\bootstrap.scss 8:9           @use
    assets\css\src\apps\myuhco\portal.scss 2:1  root stylesheet

DEPRECATION WARNING [import]: Sass @import rules are deprecated and will be 
removed in Dart Sass 3.0.0.

More info and automated migrator: https://sass-lang.com/d/import

  Γò╖
9 Γöé @import "variables-dark";
  Γöé         ^^^^^^^^^^^^^^^^
  Γò╡
    bootstrap\scss\bootstrap.scss 9:9           @use
    assets\css\src\apps\myuhco\portal.scss 2:1  root stylesheet

DEPRECATION WARNING [import]: Sass @import rules are deprecated and will be 
removed in Dart Sass 3.0.0.

More info and automated migrator: https://sass-lang.com/d/import

   Γò╖
10 Γöé @import "maps";
   Γöé         ^^^^^^
   Γò╡
    bootstrap\scss\bootstrap.scss 10:9          @use
    assets\css\src\apps\myuhco\portal.scss 2:1  root stylesheet

DEPRECATION WARNING [if-function]: The Sass if() syntax is deprecated in favor 
of the modern CSS syntax.

Suggestion: if(sass($arg == "$value"): $value; else: $arg)

More info: https://sass-lang.com/d/if-function

   Γò╖
58 Γöé       $_args: append($_args, if($arg == "$key", $key, if($arg == 
"$value", $value, $arg)));
   Γöé                                                       
^^^^^^^^^^^^^^^^^^^^^^^^^^^^^^^^^^
   Γò╡
    node_modules\bootstrap\scss\_functions.scss 58:55  @import
    bootstrap\scss\bootstrap.scss 7:9                  @use
    assets\css\src\apps\myuhco\portal.scss 2:1         root stylesheet

DEPRECATION WARNING [if-function]: The Sass if() syntax is deprecated in favor 
of the modern CSS syntax.

Suggestion: if(sass($arg == "$key"): $key; else: if($arg == "$value", $value, 
$arg))

More info: https://sass-lang.com/d/if-function

   Γò╖
58 Γöé       $_args: append($_args, if($arg == "$key", $key, if($arg == 
"$value", $value, $arg)));
   Γöé                              
^^^^^^^^^^^^^^^^^^^^^^^^^^^^^^^^^^^^^^^^^^^^^^^^^^^^^^^^^^^^
   Γò╡
    node_modules\bootstrap\scss\_functions.scss 58:30  @import
    bootstrap\scss\bootstrap.scss 7:9                  @use
    assets\css\src\apps\myuhco\portal.scss 2:1         root stylesheet

DEPRECATION WARNING [if-function]: The Sass if() syntax is deprecated in favor 
of the modern CSS syntax.

Suggestion: if(sass($l1 > $l2): divide($l1 + 0.05, $l2 + 0.05); else: 
divide($l2 + 0.05, $l1 + 0.05))

More info: https://sass-lang.com/d/if-function

    Γò╖
177 Γöé   @return if($l1 > $l2, divide($l1 + .05, $l2 + .05), divide($l2 + 
.05, $l1 + .05));
    Γöé           
^^^^^^^^^^^^^^^^^^^^^^^^^^^^^^^^^^^^^^^^^^^^^^^^^^^^^^^^^^^^^^^^^^^^^^^^^
    Γò╡
    node_modules\bootstrap\scss\_functions.scss 177:11  @import
    bootstrap\scss\bootstrap.scss 7:9                   @use
    assets\css\src\apps\myuhco\portal.scss 2:1          root stylesheet

DEPRECATION WARNING [if-function]: The Sass if() syntax is deprecated in favor 
of the modern CSS syntax.

Suggestion: if(sass(divide($value, 255) < 0.04045): divide(divide($value, 
255), 12.92); else: nth($_luminance-list, $value + 1))

More info: https://sass-lang.com/d/if-function

    Γò╖
191 Γöé     $value: if(divide($value, 255) < .04045, divide(divide($value, 
255), 12.92), nth($_luminance-list, $value + 1));
    Γöé             ^^^^^^^^^^^^^^^^^^^^^^^^^^^^^^^^^^^^^^^^^^^^^^^^^^^^^^^^^^^
^^^^^^^^^^^^^^^^^^^^^^^^^^^^^^^^^^^^^^^^^^^^
    Γò╡
    node_modules\bootstrap\scss\_functions.scss 191:13  @import
    bootstrap\scss\bootstrap.scss 7:9                   @use
    assets\css\src\apps\myuhco\portal.scss 2:1          root stylesheet

DEPRECATION WARNING [if-function]: The Sass if() syntax is deprecated in favor 
of the modern CSS syntax.

Suggestion: if(sass($weight > 0): shade-color($color, $weight); else: 
tint-color($color, -$weight))

More info: https://sass-lang.com/d/if-function

    Γò╖
217 Γöé   @return if($weight > 0, shade-color($color, $weight), 
tint-color($color, -$weight));
    Γöé           
^^^^^^^^^^^^^^^^^^^^^^^^^^^^^^^^^^^^^^^^^^^^^^^^^^^^^^^^^^^^^^^^^^^^^^^^^^^
    Γò╡
    node_modules\bootstrap\scss\_functions.scss 217:11  @import
    bootstrap\scss\bootstrap.scss 7:9                   @use
    assets\css\src\apps\myuhco\portal.scss 2:1          root stylesheet

DEPRECATION WARNING [global-builtin]: Global built-in functions are deprecated 
and will be removed in Dart Sass 3.0.0.
Use color.mix instead.

More info and automated migrator: https://sass-lang.com/d/import

    Γò╖
207 Γöé   @return mix(white, $color, $weight);
    Γöé           ^^^^^^^^^^^^^^^^^^^^^^^^^^^
    Γò╡
    node_modules\bootstrap\scss\_functions.scss 207:11  tint-color()
    node_modules\bootstrap\scss\_variables.scss 79:12   @import
    bootstrap\scss\bootstrap.scss 8:9                   @use
    assets\css\src\apps\myuhco\portal.scss 2:1          root stylesheet

DEPRECATION WARNING [global-builtin]: Global built-in functions are deprecated 
and will be removed in Dart Sass 3.0.0.
Use color.mix instead.

More info and automated migrator: https://sass-lang.com/d/import

    Γò╖
212 Γöé   @return mix(black, $color, $weight);
    Γöé           ^^^^^^^^^^^^^^^^^^^^^^^^^^^
    Γò╡
    node_modules\bootstrap\scss\_functions.scss 212:11  shade-color()
    node_modules\bootstrap\scss\_variables.scss 84:12   @import
    bootstrap\scss\bootstrap.scss 8:9                   @use
    assets\css\src\apps\myuhco\portal.scss 2:1          root stylesheet

DEPRECATION WARNING [global-builtin]: Global built-in functions are deprecated 
and will be removed in Dart Sass 3.0.0.
Use color.mix instead.

More info and automated migrator: https://sass-lang.com/d/import

    Γò╖
342 Γöé $light-bg-subtle:         mix($gray-100, $white) !default;
    Γöé                           ^^^^^^^^^^^^^^^^^^^^^^
    Γò╡
    node_modules\bootstrap\scss\_variables.scss 342:27  @import
    bootstrap\scss\bootstrap.scss 8:9                   @use
    assets\css\src\apps\myuhco\portal.scss 2:1          root stylesheet

DEPRECATION WARNING [global-builtin]: Global built-in functions are deprecated 
and will be removed in Dart Sass 3.0.0.
Use math.unit instead.

More info and automated migrator: https://sass-lang.com/d/import

   Γò╖
11 Γöé     @if $prev-num == null or unit($num) == "%" or unit($prev-num) == 
"%" {
   Γöé                              ^^^^^^^^^^
   Γò╡
    node_modules\bootstrap\scss\_functions.scss 11:30  -assert-ascending()
    node_modules\bootstrap\scss\_variables.scss 494:1  @import
    bootstrap\scss\bootstrap.scss 8:9                  @use
    assets\css\src\apps\myuhco\portal.scss 2:1         root stylesheet

DEPRECATION WARNING [global-builtin]: Global built-in functions are deprecated 
and will be removed in Dart Sass 3.0.0.
Use math.unit instead.

More info and automated migrator: https://sass-lang.com/d/import

   Γò╖
11 Γöé     @if $prev-num == null or unit($num) == "%" or unit($prev-num) == 
"%" {
   Γöé                                                   ^^^^^^^^^^^^^^^
   Γò╡
    node_modules\bootstrap\scss\_functions.scss 11:51  -assert-ascending()
    node_modules\bootstrap\scss\_variables.scss 494:1  @import
    bootstrap\scss\bootstrap.scss 8:9                  @use
    assets\css\src\apps\myuhco\portal.scss 2:1         root stylesheet

DEPRECATION WARNING [color-functions]: red() is deprecated. Suggestion:

color.channel($color, "red", $space: rgb)

More info: https://sass-lang.com/d/color-functions

    Γò╖
185 Γöé     "r": red($color),
    Γöé          ^^^^^^^^^^^
    Γò╡
    node_modules\bootstrap\scss\_functions.scss 185:10  luminance()
    node_modules\bootstrap\scss\_functions.scss 174:8   contrast-ratio()
    node_modules\bootstrap\scss\_functions.scss 159:22  color-contrast()
    node_modules\bootstrap\scss\_variables.scss 846:42  @import
    bootstrap\scss\bootstrap.scss 8:9                   @use
    assets\css\src\apps\myuhco\portal.scss 2:1          root stylesheet

DEPRECATION WARNING [color-functions]: green() is deprecated. Suggestion:

color.channel($color, "green", $space: rgb)

More info: https://sass-lang.com/d/color-functions

    Γò╖
186 Γöé     "g": green($color),
    Γöé          ^^^^^^^^^^^^^
    Γò╡
    node_modules\bootstrap\scss\_functions.scss 186:10  luminance()
    node_modules\bootstrap\scss\_functions.scss 174:8   contrast-ratio()
    node_modules\bootstrap\scss\_functions.scss 159:22  color-contrast()
    node_modules\bootstrap\scss\_variables.scss 846:42  @import
    bootstrap\scss\bootstrap.scss 8:9                   @use
    assets\css\src\apps\myuhco\portal.scss 2:1          root stylesheet

DEPRECATION WARNING [color-functions]: blue() is deprecated. Suggestion:

color.channel($color, "blue", $space: rgb)

More info: https://sass-lang.com/d/color-functions

    Γò╖
187 Γöé     "b": blue($color)
    Γöé          ^^^^^^^^^^^^
    Γò╡
    node_modules\bootstrap\scss\_functions.scss 187:10  luminance()
    node_modules\bootstrap\scss\_functions.scss 174:8   contrast-ratio()
    node_modules\bootstrap\scss\_functions.scss 159:22  color-contrast()
    node_modules\bootstrap\scss\_variables.scss 846:42  @import
    bootstrap\scss\bootstrap.scss 8:9                   @use
    assets\css\src\apps\myuhco\portal.scss 2:1          root stylesheet

DEPRECATION WARNING [color-functions]: red() is deprecated. Suggestion:

color.channel($color, "red", $space: rgb)

More info: https://sass-lang.com/d/color-functions

   Γò╖
37 Γöé   @return red($value), green($value), blue($value);
   Γöé           ^^^^^^^^^^^
   Γò╡
    node_modules\bootstrap\scss\_functions.scss 37:11   to-rgb()
    node_modules\bootstrap\scss\_variables.scss 846:31  @import
    bootstrap\scss\bootstrap.scss 8:9                   @use
    assets\css\src\apps\myuhco\portal.scss 2:1          root stylesheet

DEPRECATION WARNING [color-functions]: green() is deprecated. Suggestion:

color.channel($color, "green", $space: rgb)

More info: https://sass-lang.com/d/color-functions

   Γò╖
37 Γöé   @return red($value), green($value), blue($value);
   Γöé                        ^^^^^^^^^^^^^
   Γò╡
    node_modules\bootstrap\scss\_functions.scss 37:24   to-rgb()
    node_modules\bootstrap\scss\_variables.scss 846:31  @import
    bootstrap\scss\bootstrap.scss 8:9                   @use
    assets\css\src\apps\myuhco\portal.scss 2:1          root stylesheet

WARNING: 310 repetitive deprecation warnings omitted.
Run in verbose mode to see all warnings.

DEPRECATION WARNING [import]: Sass @import rules are deprecated and will be 
removed in Dart Sass 3.0.0.

More info and automated migrator: https://sass-lang.com/d/import

  Γò╖
1 Γöé @import "mixins/banner";
  Γöé         ^^^^^^^^^^^^^^^
  Γò╡
    bootstrap\scss\bootstrap.scss 1:9           @use
    assets\css\src\apps\myuhco\portal.scss 2:1  @use
    assets\css\src\apps\myuhco\admin.scss 1:1   root stylesheet

DEPRECATION WARNING [import]: Sass @import rules are deprecated and will be 
removed in Dart Sass 3.0.0.

More info and automated migrator: https://sass-lang.com/d/import

  Γò╖
7 Γöé @import "functions";
  Γöé         ^^^^^^^^^^^
  Γò╡
    bootstrap\scss\bootstrap.scss 7:9           @use
    assets\css\src\apps\myuhco\portal.scss 2:1  @use
    assets\css\src\apps\myuhco\admin.scss 1:1   root stylesheet

DEPRECATION WARNING [import]: Sass @import rules are deprecated and will be 
removed in Dart Sass 3.0.0.

More info and automated migrator: https://sass-lang.com/d/import

  Γò╖
8 Γöé @import "variables";
  Γöé         ^^^^^^^^^^^
  Γò╡
    bootstrap\scss\bootstrap.scss 8:9           @use
    assets\css\src\apps\myuhco\portal.scss 2:1  @use
    assets\css\src\apps\myuhco\admin.scss 1:1   root stylesheet

DEPRECATION WARNING [import]: Sass @import rules are deprecated and will be 
removed in Dart Sass 3.0.0.

More info and automated migrator: https://sass-lang.com/d/import

  Γò╖
9 Γöé @import "variables-dark";
  Γöé         ^^^^^^^^^^^^^^^^
  Γò╡
    bootstrap\scss\bootstrap.scss 9:9           @use
    assets\css\src\apps\myuhco\portal.scss 2:1  @use
    assets\css\src\apps\myuhco\admin.scss 1:1   root stylesheet

DEPRECATION WARNING [import]: Sass @import rules are deprecated and will be 
removed in Dart Sass 3.0.0.

More info and automated migrator: https://sass-lang.com/d/import

   Γò╖
10 Γöé @import "maps";
   Γöé         ^^^^^^
   Γò╡
    bootstrap\scss\bootstrap.scss 10:9          @use
    assets\css\src\apps\myuhco\portal.scss 2:1  @use
    assets\css\src\apps\myuhco\admin.scss 1:1   root stylesheet

DEPRECATION WARNING [if-function]: The Sass if() syntax is deprecated in favor 
of the modern CSS syntax.

Suggestion: if(sass($arg == "$value"): $value; else: $arg)

More info: https://sass-lang.com/d/if-function

   Γò╖
58 Γöé       $_args: append($_args, if($arg == "$key", $key, if($arg == 
"$value", $value, $arg)));
   Γöé                                                       
^^^^^^^^^^^^^^^^^^^^^^^^^^^^^^^^^^
   Γò╡
    node_modules\bootstrap\scss\_functions.scss 58:55  @import
    bootstrap\scss\bootstrap.scss 7:9                  @use
    assets\css\src\apps\myuhco\portal.scss 2:1         @use
    assets\css\src\apps\myuhco\admin.scss 1:1          root stylesheet

DEPRECATION WARNING [if-function]: The Sass if() syntax is deprecated in favor 
of the modern CSS syntax.

Suggestion: if(sass($arg == "$key"): $key; else: if($arg == "$value", $value, 
$arg))

More info: https://sass-lang.com/d/if-function

   Γò╖
58 Γöé       $_args: append($_args, if($arg == "$key", $key, if($arg == 
"$value", $value, $arg)));
   Γöé                              
^^^^^^^^^^^^^^^^^^^^^^^^^^^^^^^^^^^^^^^^^^^^^^^^^^^^^^^^^^^^
   Γò╡
    node_modules\bootstrap\scss\_functions.scss 58:30  @import
    bootstrap\scss\bootstrap.scss 7:9                  @use
    assets\css\src\apps\myuhco\portal.scss 2:1         @use
    assets\css\src\apps\myuhco\admin.scss 1:1          root stylesheet

DEPRECATION WARNING [if-function]: The Sass if() syntax is deprecated in favor 
of the modern CSS syntax.

Suggestion: if(sass($l1 > $l2): divide($l1 + 0.05, $l2 + 0.05); else: 
divide($l2 + 0.05, $l1 + 0.05))

More info: https://sass-lang.com/d/if-function

    Γò╖
177 Γöé   @return if($l1 > $l2, divide($l1 + .05, $l2 + .05), divide($l2 + 
.05, $l1 + .05));
    Γöé           
^^^^^^^^^^^^^^^^^^^^^^^^^^^^^^^^^^^^^^^^^^^^^^^^^^^^^^^^^^^^^^^^^^^^^^^^^
    Γò╡
    node_modules\bootstrap\scss\_functions.scss 177:11  @import
    bootstrap\scss\bootstrap.scss 7:9                   @use
    assets\css\src\apps\myuhco\portal.scss 2:1          @use
    assets\css\src\apps\myuhco\admin.scss 1:1           root stylesheet

DEPRECATION WARNING [if-function]: The Sass if() syntax is deprecated in favor 
of the modern CSS syntax.

Suggestion: if(sass(divide($value, 255) < 0.04045): divide(divide($value, 
255), 12.92); else: nth($_luminance-list, $value + 1))

More info: https://sass-lang.com/d/if-function

    Γò╖
191 Γöé     $value: if(divide($value, 255) < .04045, divide(divide($value, 
255), 12.92), nth($_luminance-list, $value + 1));
    Γöé             ^^^^^^^^^^^^^^^^^^^^^^^^^^^^^^^^^^^^^^^^^^^^^^^^^^^^^^^^^^^
^^^^^^^^^^^^^^^^^^^^^^^^^^^^^^^^^^^^^^^^^^^^
    Γò╡
    node_modules\bootstrap\scss\_functions.scss 191:13  @import
    bootstrap\scss\bootstrap.scss 7:9                   @use
    assets\css\src\apps\myuhco\portal.scss 2:1          @use
    assets\css\src\apps\myuhco\admin.scss 1:1           root stylesheet

DEPRECATION WARNING [if-function]: The Sass if() syntax is deprecated in favor 
of the modern CSS syntax.

Suggestion: if(sass($weight > 0): shade-color($color, $weight); else: 
tint-color($color, -$weight))

More info: https://sass-lang.com/d/if-function

    Γò╖
217 Γöé   @return if($weight > 0, shade-color($color, $weight), 
tint-color($color, -$weight));
    Γöé           
^^^^^^^^^^^^^^^^^^^^^^^^^^^^^^^^^^^^^^^^^^^^^^^^^^^^^^^^^^^^^^^^^^^^^^^^^^^
    Γò╡
    node_modules\bootstrap\scss\_functions.scss 217:11  @import
    bootstrap\scss\bootstrap.scss 7:9                   @use
    assets\css\src\apps\myuhco\portal.scss 2:1          @use
    assets\css\src\apps\myuhco\admin.scss 1:1           root stylesheet

DEPRECATION WARNING [global-builtin]: Global built-in functions are deprecated 
and will be removed in Dart Sass 3.0.0.
Use color.mix instead.

More info and automated migrator: https://sass-lang.com/d/import

    Γò╖
207 Γöé   @return mix(white, $color, $weight);
    Γöé           ^^^^^^^^^^^^^^^^^^^^^^^^^^^
    Γò╡
    node_modules\bootstrap\scss\_functions.scss 207:11  tint-color()
    node_modules\bootstrap\scss\_variables.scss 79:12   @import
    bootstrap\scss\bootstrap.scss 8:9                   @use
    assets\css\src\apps\myuhco\portal.scss 2:1          @use
    assets\css\src\apps\myuhco\admin.scss 1:1           root stylesheet

DEPRECATION WARNING [global-builtin]: Global built-in functions are deprecated 
and will be removed in Dart Sass 3.0.0.
Use color.mix instead.

More info and automated migrator: https://sass-lang.com/d/import

    Γò╖
212 Γöé   @return mix(black, $color, $weight);
    Γöé           ^^^^^^^^^^^^^^^^^^^^^^^^^^^
    Γò╡
    node_modules\bootstrap\scss\_functions.scss 212:11  shade-color()
    node_modules\bootstrap\scss\_variables.scss 84:12   @import
    bootstrap\scss\bootstrap.scss 8:9                   @use
    assets\css\src\apps\myuhco\portal.scss 2:1          @use
    assets\css\src\apps\myuhco\admin.scss 1:1           root stylesheet

DEPRECATION WARNING [global-builtin]: Global built-in functions are deprecated 
and will be removed in Dart Sass 3.0.0.
Use color.mix instead.

More info and automated migrator: https://sass-lang.com/d/import

    Γò╖
342 Γöé $light-bg-subtle:         mix($gray-100, $white) !default;
    Γöé                           ^^^^^^^^^^^^^^^^^^^^^^
    Γò╡
    node_modules\bootstrap\scss\_variables.scss 342:27  @import
    bootstrap\scss\bootstrap.scss 8:9                   @use
    assets\css\src\apps\myuhco\portal.scss 2:1          @use
    assets\css\src\apps\myuhco\admin.scss 1:1           root stylesheet

DEPRECATION WARNING [global-builtin]: Global built-in functions are deprecated 
and will be removed in Dart Sass 3.0.0.
Use math.unit instead.

More info and automated migrator: https://sass-lang.com/d/import

   Γò╖
11 Γöé     @if $prev-num == null or unit($num) == "%" or unit($prev-num) == 
"%" {
   Γöé                              ^^^^^^^^^^
   Γò╡
    node_modules\bootstrap\scss\_functions.scss 11:30  -assert-ascending()
    node_modules\bootstrap\scss\_variables.scss 494:1  @import
    bootstrap\scss\bootstrap.scss 8:9                  @use
    assets\css\src\apps\myuhco\portal.scss 2:1         @use
    assets\css\src\apps\myuhco\admin.scss 1:1          root stylesheet

DEPRECATION WARNING [global-builtin]: Global built-in functions are deprecated 
and will be removed in Dart Sass 3.0.0.
Use math.unit instead.

More info and automated migrator: https://sass-lang.com/d/import

   Γò╖
11 Γöé     @if $prev-num == null or unit($num) == "%" or unit($prev-num) == 
"%" {
   Γöé                                                   ^^^^^^^^^^^^^^^
   Γò╡
    node_modules\bootstrap\scss\_functions.scss 11:51  -assert-ascending()
    node_modules\bootstrap\scss\_variables.scss 494:1  @import
    bootstrap\scss\bootstrap.scss 8:9                  @use
    assets\css\src\apps\myuhco\portal.scss 2:1         @use
    assets\css\src\apps\myuhco\admin.scss 1:1          root stylesheet

DEPRECATION WARNING [color-functions]: red() is deprecated. Suggestion:

color.channel($color, "red", $space: rgb)

More info: https://sass-lang.com/d/color-functions

    Γò╖
185 Γöé     "r": red($color),
    Γöé          ^^^^^^^^^^^
    Γò╡
    node_modules\bootstrap\scss\_functions.scss 185:10  luminance()
    node_modules\bootstrap\scss\_functions.scss 174:8   contrast-ratio()
    node_modules\bootstrap\scss\_functions.scss 159:22  color-contrast()
    node_modules\bootstrap\scss\_variables.scss 846:42  @import
    bootstrap\scss\bootstrap.scss 8:9                   @use
    assets\css\src\apps\myuhco\portal.scss 2:1          @use
    assets\css\src\apps\myuhco\admin.scss 1:1           root stylesheet

DEPRECATION WARNING [color-functions]: green() is deprecated. Suggestion:

color.channel($color, "green", $space: rgb)

More info: https://sass-lang.com/d/color-functions

    Γò╖
186 Γöé     "g": green($color),
    Γöé          ^^^^^^^^^^^^^
    Γò╡
    node_modules\bootstrap\scss\_functions.scss 186:10  luminance()
    node_modules\bootstrap\scss\_functions.scss 174:8   contrast-ratio()
    node_modules\bootstrap\scss\_functions.scss 159:22  color-contrast()
    node_modules\bootstrap\scss\_variables.scss 846:42  @import
    bootstrap\scss\bootstrap.scss 8:9                   @use
    assets\css\src\apps\myuhco\portal.scss 2:1          @use
    assets\css\src\apps\myuhco\admin.scss 1:1           root stylesheet

DEPRECATION WARNING [color-functions]: blue() is deprecated. Suggestion:

color.channel($color, "blue", $space: rgb)

More info: https://sass-lang.com/d/color-functions

    Γò╖
187 Γöé     "b": blue($color)
    Γöé          ^^^^^^^^^^^^
    Γò╡
    node_modules\bootstrap\scss\_functions.scss 187:10  luminance()
    node_modules\bootstrap\scss\_functions.scss 174:8   contrast-ratio()
    node_modules\bootstrap\scss\_functions.scss 159:22  color-contrast()
    node_modules\bootstrap\scss\_variables.scss 846:42  @import
    bootstrap\scss\bootstrap.scss 8:9                   @use
    assets\css\src\apps\myuhco\portal.scss 2:1          @use
    assets\css\src\apps\myuhco\admin.scss 1:1           root stylesheet

DEPRECATION WARNING [color-functions]: red() is deprecated. Suggestion:

color.channel($color, "red", $space: rgb)

More info: https://sass-lang.com/d/color-functions

   Γò╖
37 Γöé   @return red($value), green($value), blue($value);
   Γöé           ^^^^^^^^^^^
   Γò╡
    node_modules\bootstrap\scss\_functions.scss 37:11   to-rgb()
    node_modules\bootstrap\scss\_variables.scss 846:31  @import
    bootstrap\scss\bootstrap.scss 8:9                   @use
    assets\css\src\apps\myuhco\portal.scss 2:1          @use
    assets\css\src\apps\myuhco\admin.scss 1:1           root stylesheet

DEPRECATION WARNING [color-functions]: green() is deprecated. Suggestion:

color.channel($color, "green", $space: rgb)

More info: https://sass-lang.com/d/color-functions

   Γò╖
37 Γöé   @return red($value), green($value), blue($value);
   Γöé                        ^^^^^^^^^^^^^
   Γò╡
    node_modules\bootstrap\scss\_functions.scss 37:24   to-rgb()
    node_modules\bootstrap\scss\_variables.scss 846:31  @import
    bootstrap\scss\bootstrap.scss 8:9                   @use
    assets\css\src\apps\myuhco\portal.scss 2:1          @use
    assets\css\src\apps\myuhco\admin.scss 1:1           root stylesheet

WARNING: 310 repetitive deprecation warnings omitted.
Run in verbose mode to see all warnings.

DEPRECATION WARNING [import]: Sass @import rules are deprecated and will be 
removed in Dart Sass 3.0.0.

More info and automated migrator: https://sass-lang.com/d/import

  Γò╖
1 Γöé @import "mixins/banner";
  Γöé         ^^^^^^^^^^^^^^^
  Γò╡
    bootstrap\scss\bootstrap.scss 1:9           @use
    assets\css\src\apps\myuhco\portal.scss 2:1  @use
    assets\css\src\apps\myuhco\pages.scss 1:1   root stylesheet

DEPRECATION WARNING [import]: Sass @import rules are deprecated and will be 
removed in Dart Sass 3.0.0.

More info and automated migrator: https://sass-lang.com/d/import

  Γò╖
7 Γöé @import "functions";
  Γöé         ^^^^^^^^^^^
  Γò╡
    bootstrap\scss\bootstrap.scss 7:9           @use
    assets\css\src\apps\myuhco\portal.scss 2:1  @use
    assets\css\src\apps\myuhco\pages.scss 1:1   root stylesheet

DEPRECATION WARNING [import]: Sass @import rules are deprecated and will be 
removed in Dart Sass 3.0.0.

More info and automated migrator: https://sass-lang.com/d/import

  Γò╖
8 Γöé @import "variables";
  Γöé         ^^^^^^^^^^^
  Γò╡
    bootstrap\scss\bootstrap.scss 8:9           @use
    assets\css\src\apps\myuhco\portal.scss 2:1  @use
    assets\css\src\apps\myuhco\pages.scss 1:1   root stylesheet

DEPRECATION WARNING [import]: Sass @import rules are deprecated and will be 
removed in Dart Sass 3.0.0.

More info and automated migrator: https://sass-lang.com/d/import

  Γò╖
9 Γöé @import "variables-dark";
  Γöé         ^^^^^^^^^^^^^^^^
  Γò╡
    bootstrap\scss\bootstrap.scss 9:9           @use
    assets\css\src\apps\myuhco\portal.scss 2:1  @use
    assets\css\src\apps\myuhco\pages.scss 1:1   root stylesheet

DEPRECATION WARNING [import]: Sass @import rules are deprecated and will be 
removed in Dart Sass 3.0.0.

More info and automated migrator: https://sass-lang.com/d/import

   Γò╖
10 Γöé @import "maps";
   Γöé         ^^^^^^
   Γò╡
    bootstrap\scss\bootstrap.scss 10:9          @use
    assets\css\src\apps\myuhco\portal.scss 2:1  @use
    assets\css\src\apps\myuhco\pages.scss 1:1   root stylesheet

DEPRECATION WARNING [if-function]: The Sass if() syntax is deprecated in favor 
of the modern CSS syntax.

Suggestion: if(sass($arg == "$value"): $value; else: $arg)

More info: https://sass-lang.com/d/if-function

   Γò╖
58 Γöé       $_args: append($_args, if($arg == "$key", $key, if($arg == 
"$value", $value, $arg)));
   Γöé                                                       
^^^^^^^^^^^^^^^^^^^^^^^^^^^^^^^^^^
   Γò╡
    node_modules\bootstrap\scss\_functions.scss 58:55  @import
    bootstrap\scss\bootstrap.scss 7:9                  @use
    assets\css\src\apps\myuhco\portal.scss 2:1         @use
    assets\css\src\apps\myuhco\pages.scss 1:1          root stylesheet

DEPRECATION WARNING [if-function]: The Sass if() syntax is deprecated in favor 
of the modern CSS syntax.

Suggestion: if(sass($arg == "$key"): $key; else: if($arg == "$value", $value, 
$arg))

More info: https://sass-lang.com/d/if-function

   Γò╖
58 Γöé       $_args: append($_args, if($arg == "$key", $key, if($arg == 
"$value", $value, $arg)));
   Γöé                              
^^^^^^^^^^^^^^^^^^^^^^^^^^^^^^^^^^^^^^^^^^^^^^^^^^^^^^^^^^^^
   Γò╡
    node_modules\bootstrap\scss\_functions.scss 58:30  @import
    bootstrap\scss\bootstrap.scss 7:9                  @use
    assets\css\src\apps\myuhco\portal.scss 2:1         @use
    assets\css\src\apps\myuhco\pages.scss 1:1          root stylesheet

DEPRECATION WARNING [if-function]: The Sass if() syntax is deprecated in favor 
of the modern CSS syntax.

Suggestion: if(sass($l1 > $l2): divide($l1 + 0.05, $l2 + 0.05); else: 
divide($l2 + 0.05, $l1 + 0.05))

More info: https://sass-lang.com/d/if-function

    Γò╖
177 Γöé   @return if($l1 > $l2, divide($l1 + .05, $l2 + .05), divide($l2 + 
.05, $l1 + .05));
    Γöé           
^^^^^^^^^^^^^^^^^^^^^^^^^^^^^^^^^^^^^^^^^^^^^^^^^^^^^^^^^^^^^^^^^^^^^^^^^
    Γò╡
    node_modules\bootstrap\scss\_functions.scss 177:11  @import
    bootstrap\scss\bootstrap.scss 7:9                   @use
    assets\css\src\apps\myuhco\portal.scss 2:1          @use
    assets\css\src\apps\myuhco\pages.scss 1:1           root stylesheet

DEPRECATION WARNING [if-function]: The Sass if() syntax is deprecated in favor 
of the modern CSS syntax.

Suggestion: if(sass(divide($value, 255) < 0.04045): divide(divide($value, 
255), 12.92); else: nth($_luminance-list, $value + 1))

More info: https://sass-lang.com/d/if-function

    Γò╖
191 Γöé     $value: if(divide($value, 255) < .04045, divide(divide($value, 
255), 12.92), nth($_luminance-list, $value + 1));
    Γöé             ^^^^^^^^^^^^^^^^^^^^^^^^^^^^^^^^^^^^^^^^^^^^^^^^^^^^^^^^^^^
^^^^^^^^^^^^^^^^^^^^^^^^^^^^^^^^^^^^^^^^^^^^
    Γò╡
    node_modules\bootstrap\scss\_functions.scss 191:13  @import
    bootstrap\scss\bootstrap.scss 7:9                   @use
    assets\css\src\apps\myuhco\portal.scss 2:1          @use
    assets\css\src\apps\myuhco\pages.scss 1:1           root stylesheet

DEPRECATION WARNING [if-function]: The Sass if() syntax is deprecated in favor 
of the modern CSS syntax.

Suggestion: if(sass($weight > 0): shade-color($color, $weight); else: 
tint-color($color, -$weight))

More info: https://sass-lang.com/d/if-function

    Γò╖
217 Γöé   @return if($weight > 0, shade-color($color, $weight), 
tint-color($color, -$weight));
    Γöé           
^^^^^^^^^^^^^^^^^^^^^^^^^^^^^^^^^^^^^^^^^^^^^^^^^^^^^^^^^^^^^^^^^^^^^^^^^^^
    Γò╡
    node_modules\bootstrap\scss\_functions.scss 217:11  @import
    bootstrap\scss\bootstrap.scss 7:9                   @use
    assets\css\src\apps\myuhco\portal.scss 2:1          @use
    assets\css\src\apps\myuhco\pages.scss 1:1           root stylesheet

DEPRECATION WARNING [global-builtin]: Global built-in functions are deprecated 
and will be removed in Dart Sass 3.0.0.
Use color.mix instead.

More info and automated migrator: https://sass-lang.com/d/import

    Γò╖
207 Γöé   @return mix(white, $color, $weight);
    Γöé           ^^^^^^^^^^^^^^^^^^^^^^^^^^^
    Γò╡
    node_modules\bootstrap\scss\_functions.scss 207:11  tint-color()
    node_modules\bootstrap\scss\_variables.scss 79:12   @import
    bootstrap\scss\bootstrap.scss 8:9                   @use
    assets\css\src\apps\myuhco\portal.scss 2:1          @use
    assets\css\src\apps\myuhco\pages.scss 1:1           root stylesheet

DEPRECATION WARNING [global-builtin]: Global built-in functions are deprecated 
and will be removed in Dart Sass 3.0.0.
Use color.mix instead.

More info and automated migrator: https://sass-lang.com/d/import

    Γò╖
212 Γöé   @return mix(black, $color, $weight);
    Γöé           ^^^^^^^^^^^^^^^^^^^^^^^^^^^
    Γò╡
    node_modules\bootstrap\scss\_functions.scss 212:11  shade-color()
    node_modules\bootstrap\scss\_variables.scss 84:12   @import
    bootstrap\scss\bootstrap.scss 8:9                   @use
    assets\css\src\apps\myuhco\portal.scss 2:1          @use
    assets\css\src\apps\myuhco\pages.scss 1:1           root stylesheet

DEPRECATION WARNING [global-builtin]: Global built-in functions are deprecated 
and will be removed in Dart Sass 3.0.0.
Use color.mix instead.

More info and automated migrator: https://sass-lang.com/d/import

    Γò╖
342 Γöé $light-bg-subtle:         mix($gray-100, $white) !default;
    Γöé                           ^^^^^^^^^^^^^^^^^^^^^^
    Γò╡
    node_modules\bootstrap\scss\_variables.scss 342:27  @import
    bootstrap\scss\bootstrap.scss 8:9                   @use
    assets\css\src\apps\myuhco\portal.scss 2:1          @use
    assets\css\src\apps\myuhco\pages.scss 1:1           root stylesheet

DEPRECATION WARNING [global-builtin]: Global built-in functions are deprecated 
and will be removed in Dart Sass 3.0.0.
Use math.unit instead.

More info and automated migrator: https://sass-lang.com/d/import

   Γò╖
11 Γöé     @if $prev-num == null or unit($num) == "%" or unit($prev-num) == 
"%" {
   Γöé                              ^^^^^^^^^^
   Γò╡
    node_modules\bootstrap\scss\_functions.scss 11:30  -assert-ascending()
    node_modules\bootstrap\scss\_variables.scss 494:1  @import
    bootstrap\scss\bootstrap.scss 8:9                  @use
    assets\css\src\apps\myuhco\portal.scss 2:1         @use
    assets\css\src\apps\myuhco\pages.scss 1:1          root stylesheet

DEPRECATION WARNING [global-builtin]: Global built-in functions are deprecated 
and will be removed in Dart Sass 3.0.0.
Use math.unit instead.

More info and automated migrator: https://sass-lang.com/d/import

   Γò╖
11 Γöé     @if $prev-num == null or unit($num) == "%" or unit($prev-num) == 
"%" {
   Γöé                                                   ^^^^^^^^^^^^^^^
   Γò╡
    node_modules\bootstrap\scss\_functions.scss 11:51  -assert-ascending()
    node_modules\bootstrap\scss\_variables.scss 494:1  @import
    bootstrap\scss\bootstrap.scss 8:9                  @use
    assets\css\src\apps\myuhco\portal.scss 2:1         @use
    assets\css\src\apps\myuhco\pages.scss 1:1          root stylesheet

DEPRECATION WARNING [color-functions]: red() is deprecated. Suggestion:

color.channel($color, "red", $space: rgb)

More info: https://sass-lang.com/d/color-functions

    Γò╖
185 Γöé     "r": red($color),
    Γöé          ^^^^^^^^^^^
    Γò╡
    node_modules\bootstrap\scss\_functions.scss 185:10  luminance()
    node_modules\bootstrap\scss\_functions.scss 174:8   contrast-ratio()
    node_modules\bootstrap\scss\_functions.scss 159:22  color-contrast()
    node_modules\bootstrap\scss\_variables.scss 846:42  @import
    bootstrap\scss\bootstrap.scss 8:9                   @use
    assets\css\src\apps\myuhco\portal.scss 2:1          @use
    assets\css\src\apps\myuhco\pages.scss 1:1           root stylesheet

DEPRECATION WARNING [color-functions]: green() is deprecated. Suggestion:

color.channel($color, "green", $space: rgb)

More info: https://sass-lang.com/d/color-functions

    Γò╖
186 Γöé     "g": green($color),
    Γöé          ^^^^^^^^^^^^^
    Γò╡
    node_modules\bootstrap\scss\_functions.scss 186:10  luminance()
    node_modules\bootstrap\scss\_functions.scss 174:8   contrast-ratio()
    node_modules\bootstrap\scss\_functions.scss 159:22  color-contrast()
    node_modules\bootstrap\scss\_variables.scss 846:42  @import
    bootstrap\scss\bootstrap.scss 8:9                   @use
    assets\css\src\apps\myuhco\portal.scss 2:1          @use
    assets\css\src\apps\myuhco\pages.scss 1:1           root stylesheet

DEPRECATION WARNING [color-functions]: blue() is deprecated. Suggestion:

color.channel($color, "blue", $space: rgb)

More info: https://sass-lang.com/d/color-functions

    Γò╖
187 Γöé     "b": blue($color)
    Γöé          ^^^^^^^^^^^^
    Γò╡
    node_modules\bootstrap\scss\_functions.scss 187:10  luminance()
    node_modules\bootstrap\scss\_functions.scss 174:8   contrast-ratio()
    node_modules\bootstrap\scss\_functions.scss 159:22  color-contrast()
    node_modules\bootstrap\scss\_variables.scss 846:42  @import
    bootstrap\scss\bootstrap.scss 8:9                   @use
    assets\css\src\apps\myuhco\portal.scss 2:1          @use
    assets\css\src\apps\myuhco\pages.scss 1:1           root stylesheet

DEPRECATION WARNING [color-functions]: red() is deprecated. Suggestion:

color.channel($color, "red", $space: rgb)

More info: https://sass-lang.com/d/color-functions

   Γò╖
37 Γöé   @return red($value), green($value), blue($value);
   Γöé           ^^^^^^^^^^^
   Γò╡
    node_modules\bootstrap\scss\_functions.scss 37:11   to-rgb()
    node_modules\bootstrap\scss\_variables.scss 846:31  @import
    bootstrap\scss\bootstrap.scss 8:9                   @use
    assets\css\src\apps\myuhco\portal.scss 2:1          @use
    assets\css\src\apps\myuhco\pages.scss 1:1           root stylesheet

DEPRECATION WARNING [color-functions]: green() is deprecated. Suggestion:

color.channel($color, "green", $space: rgb)

More info: https://sass-lang.com/d/color-functions

   Γò╖
37 Γöé   @return red($value), green($value), blue($value);
   Γöé                        ^^^^^^^^^^^^^
   Γò╡
    node_modules\bootstrap\scss\_functions.scss 37:24   to-rgb()
    node_modules\bootstrap\scss\_variables.scss 846:31  @import
    bootstrap\scss\bootstrap.scss 8:9                   @use
    assets\css\src\apps\myuhco\portal.scss 2:1          @use
    assets\css\src\apps\myuhco\pages.scss 1:1           root stylesheet

WARNING: 310 repetitive deprecation warnings omitted.
Run in verbose mode to see all warnings.

DEPRECATION WARNING [import]: Sass @import rules are deprecated and will be 
removed in Dart Sass 3.0.0.

More info and automated migrator: https://sass-lang.com/d/import

  Γò╖
1 Γöé @import "mixins/banner";
  Γöé         ^^^^^^^^^^^^^^^
  Γò╡
    bootstrap\scss\bootstrap.scss 1:9  @use
    assets\scss\portal.scss 5:1        root stylesheet

DEPRECATION WARNING [import]: Sass @import rules are deprecated and will be 
removed in Dart Sass 3.0.0.

More info and automated migrator: https://sass-lang.com/d/import

  Γò╖
7 Γöé @import "functions";
  Γöé         ^^^^^^^^^^^
  Γò╡
    bootstrap\scss\bootstrap.scss 7:9  @use
    assets\scss\portal.scss 5:1        root stylesheet

DEPRECATION WARNING [import]: Sass @import rules are deprecated and will be 
removed in Dart Sass 3.0.0.

More info and automated migrator: https://sass-lang.com/d/import

  Γò╖
8 Γöé @import "variables";
  Γöé         ^^^^^^^^^^^
  Γò╡
    bootstrap\scss\bootstrap.scss 8:9  @use
    assets\scss\portal.scss 5:1        root stylesheet

DEPRECATION WARNING [import]: Sass @import rules are deprecated and will be 
removed in Dart Sass 3.0.0.

More info and automated migrator: https://sass-lang.com/d/import

  Γò╖
9 Γöé @import "variables-dark";
  Γöé         ^^^^^^^^^^^^^^^^
  Γò╡
    bootstrap\scss\bootstrap.scss 9:9  @use
    assets\scss\portal.scss 5:1        root stylesheet

DEPRECATION WARNING [import]: Sass @import rules are deprecated and will be 
removed in Dart Sass 3.0.0.

More info and automated migrator: https://sass-lang.com/d/import

   Γò╖
10 Γöé @import "maps";
   Γöé         ^^^^^^
   Γò╡
    bootstrap\scss\bootstrap.scss 10:9  @use
    assets\scss\portal.scss 5:1         root stylesheet

DEPRECATION WARNING [if-function]: The Sass if() syntax is deprecated in favor 
of the modern CSS syntax.

Suggestion: if(sass($arg == "$value"): $value; else: $arg)

More info: https://sass-lang.com/d/if-function

   Γò╖
58 Γöé       $_args: append($_args, if($arg == "$key", $key, if($arg == 
"$value", $value, $arg)));
   Γöé                                                       
^^^^^^^^^^^^^^^^^^^^^^^^^^^^^^^^^^
   Γò╡
    node_modules\bootstrap\scss\_functions.scss 58:55  @import
    bootstrap\scss\bootstrap.scss 7:9                  @use
    assets\scss\portal.scss 5:1                        root stylesheet

DEPRECATION WARNING [if-function]: The Sass if() syntax is deprecated in favor 
of the modern CSS syntax.

Suggestion: if(sass($arg == "$key"): $key; else: if($arg == "$value", $value, 
$arg))

More info: https://sass-lang.com/d/if-function

   Γò╖
58 Γöé       $_args: append($_args, if($arg == "$key", $key, if($arg == 
"$value", $value, $arg)));
   Γöé                              
^^^^^^^^^^^^^^^^^^^^^^^^^^^^^^^^^^^^^^^^^^^^^^^^^^^^^^^^^^^^
   Γò╡
    node_modules\bootstrap\scss\_functions.scss 58:30  @import
    bootstrap\scss\bootstrap.scss 7:9                  @use
    assets\scss\portal.scss 5:1                        root stylesheet

DEPRECATION WARNING [if-function]: The Sass if() syntax is deprecated in favor 
of the modern CSS syntax.

Suggestion: if(sass($l1 > $l2): divide($l1 + 0.05, $l2 + 0.05); else: 
divide($l2 + 0.05, $l1 + 0.05))

More info: https://sass-lang.com/d/if-function

    Γò╖
177 Γöé   @return if($l1 > $l2, divide($l1 + .05, $l2 + .05), divide($l2 + 
.05, $l1 + .05));
    Γöé           
^^^^^^^^^^^^^^^^^^^^^^^^^^^^^^^^^^^^^^^^^^^^^^^^^^^^^^^^^^^^^^^^^^^^^^^^^
    Γò╡
    node_modules\bootstrap\scss\_functions.scss 177:11  @import
    bootstrap\scss\bootstrap.scss 7:9                   @use
    assets\scss\portal.scss 5:1                         root stylesheet

DEPRECATION WARNING [if-function]: The Sass if() syntax is deprecated in favor 
of the modern CSS syntax.

Suggestion: if(sass(divide($value, 255) < 0.04045): divide(divide($value, 
255), 12.92); else: nth($_luminance-list, $value + 1))

More info: https://sass-lang.com/d/if-function

    Γò╖
191 Γöé     $value: if(divide($value, 255) < .04045, divide(divide($value, 
255), 12.92), nth($_luminance-list, $value + 1));
    Γöé             ^^^^^^^^^^^^^^^^^^^^^^^^^^^^^^^^^^^^^^^^^^^^^^^^^^^^^^^^^^^
^^^^^^^^^^^^^^^^^^^^^^^^^^^^^^^^^^^^^^^^^^^^
    Γò╡
    node_modules\bootstrap\scss\_functions.scss 191:13  @import
    bootstrap\scss\bootstrap.scss 7:9                   @use
    assets\scss\portal.scss 5:1                         root stylesheet

DEPRECATION WARNING [if-function]: The Sass if() syntax is deprecated in favor 
of the modern CSS syntax.

Suggestion: if(sass($weight > 0): shade-color($color, $weight); else: 
tint-color($color, -$weight))

More info: https://sass-lang.com/d/if-function

    Γò╖
217 Γöé   @return if($weight > 0, shade-color($color, $weight), 
tint-color($color, -$weight));
    Γöé           
^^^^^^^^^^^^^^^^^^^^^^^^^^^^^^^^^^^^^^^^^^^^^^^^^^^^^^^^^^^^^^^^^^^^^^^^^^^
    Γò╡
    node_modules\bootstrap\scss\_functions.scss 217:11  @import
    bootstrap\scss\bootstrap.scss 7:9                   @use
    assets\scss\portal.scss 5:1                         root stylesheet

DEPRECATION WARNING [global-builtin]: Global built-in functions are deprecated 
and will be removed in Dart Sass 3.0.0.
Use color.mix instead.

More info and automated migrator: https://sass-lang.com/d/import

    Γò╖
207 Γöé   @return mix(white, $color, $weight);
    Γöé           ^^^^^^^^^^^^^^^^^^^^^^^^^^^
    Γò╡
    node_modules\bootstrap\scss\_functions.scss 207:11  tint-color()
    node_modules\bootstrap\scss\_variables.scss 79:12   @import
    bootstrap\scss\bootstrap.scss 8:9                   @use
    assets\scss\portal.scss 5:1                         root stylesheet

DEPRECATION WARNING [global-builtin]: Global built-in functions are deprecated 
and will be removed in Dart Sass 3.0.0.
Use color.mix instead.

More info and automated migrator: https://sass-lang.com/d/import

    Γò╖
212 Γöé   @return mix(black, $color, $weight);
    Γöé           ^^^^^^^^^^^^^^^^^^^^^^^^^^^
    Γò╡
    node_modules\bootstrap\scss\_functions.scss 212:11  shade-color()
    node_modules\bootstrap\scss\_variables.scss 84:12   @import
    bootstrap\scss\bootstrap.scss 8:9                   @use
    assets\scss\portal.scss 5:1                         root stylesheet

DEPRECATION WARNING [global-builtin]: Global built-in functions are deprecated 
and will be removed in Dart Sass 3.0.0.
Use color.mix instead.

More info and automated migrator: https://sass-lang.com/d/import

    Γò╖
342 Γöé $light-bg-subtle:         mix($gray-100, $white) !default;
    Γöé                           ^^^^^^^^^^^^^^^^^^^^^^
    Γò╡
    node_modules\bootstrap\scss\_variables.scss 342:27  @import
    bootstrap\scss\bootstrap.scss 8:9                   @use
    assets\scss\portal.scss 5:1                         root stylesheet

DEPRECATION WARNING [global-builtin]: Global built-in functions are deprecated 
and will be removed in Dart Sass 3.0.0.
Use math.unit instead.

More info and automated migrator: https://sass-lang.com/d/import

   Γò╖
11 Γöé     @if $prev-num == null or unit($num) == "%" or unit($prev-num) == 
"%" {
   Γöé                              ^^^^^^^^^^
   Γò╡
    node_modules\bootstrap\scss\_functions.scss 11:30  -assert-ascending()
    node_modules\bootstrap\scss\_variables.scss 494:1  @import
    bootstrap\scss\bootstrap.scss 8:9                  @use
    assets\scss\portal.scss 5:1                        root stylesheet

DEPRECATION WARNING [global-builtin]: Global built-in functions are deprecated 
and will be removed in Dart Sass 3.0.0.
Use math.unit instead.

More info and automated migrator: https://sass-lang.com/d/import

   Γò╖
11 Γöé     @if $prev-num == null or unit($num) == "%" or unit($prev-num) == 
"%" {
   Γöé                                                   ^^^^^^^^^^^^^^^
   Γò╡
    node_modules\bootstrap\scss\_functions.scss 11:51  -assert-ascending()
    node_modules\bootstrap\scss\_variables.scss 494:1  @import
    bootstrap\scss\bootstrap.scss 8:9                  @use
    assets\scss\portal.scss 5:1                        root stylesheet

DEPRECATION WARNING [color-functions]: red() is deprecated. Suggestion:

color.channel($color, "red", $space: rgb)

More info: https://sass-lang.com/d/color-functions

    Γò╖
185 Γöé     "r": red($color),
    Γöé          ^^^^^^^^^^^
    Γò╡
    node_modules\bootstrap\scss\_functions.scss 185:10  luminance()
    node_modules\bootstrap\scss\_functions.scss 174:8   contrast-ratio()
    node_modules\bootstrap\scss\_functions.scss 159:22  color-contrast()
    node_modules\bootstrap\scss\_variables.scss 846:42  @import
    bootstrap\scss\bootstrap.scss 8:9                   @use
    assets\scss\portal.scss 5:1                         root stylesheet

DEPRECATION WARNING [color-functions]: green() is deprecated. Suggestion:

color.channel($color, "green", $space: rgb)

More info: https://sass-lang.com/d/color-functions

    Γò╖
186 Γöé     "g": green($color),
    Γöé          ^^^^^^^^^^^^^
    Γò╡
    node_modules\bootstrap\scss\_functions.scss 186:10  luminance()
    node_modules\bootstrap\scss\_functions.scss 174:8   contrast-ratio()
    node_modules\bootstrap\scss\_functions.scss 159:22  color-contrast()
    node_modules\bootstrap\scss\_variables.scss 846:42  @import
    bootstrap\scss\bootstrap.scss 8:9                   @use
    assets\scss\portal.scss 5:1                         root stylesheet

DEPRECATION WARNING [color-functions]: blue() is deprecated. Suggestion:

color.channel($color, "blue", $space: rgb)

More info: https://sass-lang.com/d/color-functions

    Γò╖
187 Γöé     "b": blue($color)
    Γöé          ^^^^^^^^^^^^
    Γò╡
    node_modules\bootstrap\scss\_functions.scss 187:10  luminance()
    node_modules\bootstrap\scss\_functions.scss 174:8   contrast-ratio()
    node_modules\bootstrap\scss\_functions.scss 159:22  color-contrast()
    node_modules\bootstrap\scss\_variables.scss 846:42  @import
    bootstrap\scss\bootstrap.scss 8:9                   @use
    assets\scss\portal.scss 5:1                         root stylesheet

DEPRECATION WARNING [color-functions]: red() is deprecated. Suggestion:

color.channel($color, "red", $space: rgb)

More info: https://sass-lang.com/d/color-functions

   Γò╖
37 Γöé   @return red($value), green($value), blue($value);
   Γöé           ^^^^^^^^^^^
   Γò╡
    node_modules\bootstrap\scss\_functions.scss 37:11   to-rgb()
    node_modules\bootstrap\scss\_variables.scss 846:31  @import
    bootstrap\scss\bootstrap.scss 8:9                   @use
    assets\scss\portal.scss 5:1                         root stylesheet

DEPRECATION WARNING [color-functions]: green() is deprecated. Suggestion:

color.channel($color, "green", $space: rgb)

More info: https://sass-lang.com/d/color-functions

   Γò╖
37 Γöé   @return red($value), green($value), blue($value);
   Γöé                        ^^^^^^^^^^^^^
   Γò╡
    node_modules\bootstrap\scss\_functions.scss 37:24   to-rgb()
    node_modules\bootstrap\scss\_variables.scss 846:31  @import
    bootstrap\scss\bootstrap.scss 8:9                   @use
    assets\scss\portal.scss 5:1                         root stylesheet

WARNING: 310 repetitive deprecation warnings omitted.
Run in verbose mode to see all warnings.

